[verify] MISSING ON DEST count=2
[verify] VERDICT: 2 source files need attention. Do NOT delete source. Use repair.
[copy] MISSING ON DEST count=2
[copy] VERDICT: 2 source files need attention. Do NOT delete source. Use repair.
[move pre-check] MISSING ON DEST count=2
[move pre-check] VERDICT: 2 source files need attention. Do NOT delete source. Use repair.
[copy] MISSING ON DEST count=2
[copy] VERDICT: 2 source files need attention. Do NOT delete source. Use repair.
[copy] MISSING ON DEST count=2
[copy] VERDICT: 2 source files need attention. Do NOT delete source. Use repair.
[copy] MISSING ON DEST count=2
[copy] VERDICT: 2 source files need attention. Do NOT delete source. Use repair.
[copy] MISSING ON DEST count=2
[copy] VERDICT: 2 source files need attention. Do NOT delete source. Use repair.
[copy] MISSING ON DEST count=2
[copy] VERDICT: 2 source files need attention. Do NOT delete source. Use repair.
[copy] MISSING ON DEST count=2
[copy] VERDICT: 2 source files need attention. Do NOT delete source. Use repair.
[copy] MISSING ON DEST count=2
[copy] VERDICT: 2 source files need attention. Do NOT delete source. Use repair.
[copy] MISSING ON DEST count=2
[copy] VERDICT: 2 source files need attention. Do NOT delete source. Use repair.
[copy] MISSING ON DEST count=2
[copy] VERDICT: 2 source files need attention. Do NOT delete source. Use repair.
[copy] MISSING ON DEST count=2
[copy] VERDICT: 2 source files need attention. Do NOT delete source. Use repair.
[copy] MISSING ON DEST count=2
[copy] VERDICT: 2 source files need attention. Do NOT delete source. Use repair.
[copy] MISSING ON DEST count=2
[copy] VERDICT: 2 source files need attention. Do NOT delete source. Use repair.
[copy] MISSING ON DEST count=2
[copy] VERDICT: 2 source files need attention. Do NOT delete source. Use repair.
[copy] MISSING ON DEST count=2
[copy] VERDICT: 2 source files need attention. Do NOT delete source. Use repair.
[copy] MISSING ON DEST count=2
[copy] VERDICT: 2 source files need attention. Do NOT delete source. Use repair.
